2026-08-18 08:48:38.548: [INFO] CurrentProfilePath: D:\WD\Workspaces\Kapture_Apps\.metadata\.plugins\org.eclipse.swt\EBWebView\Default
2026-08-18 08:48:38.548: [INFO] Profiles total count: 1
2026-08-18 08:48:38.548: [INFO] Profile: name=Profile 1 path=D:\WD\Workspaces\Kapture_Apps\.metadata\.plugins\org.eclipse.swt\EBWebView\Default lastActive=null
2026-08-18 08:48:38.548: [INFO] LastUsedProfileDir: D:\WD\Workspaces\Kapture_Apps\.metadata\.plugins\org.eclipse.swt\EBWebView\Default
2026-08-18 08:48:38.548: [INFO] OnDoneLoading sync enabled: 0
2026-08-18 08:48:38.548: [INFO] BookmarkModelLoaded, ids_reassigned: 0
2026-08-18 08:48:38.548: [INFO] BookmarksLoadDropped droppedNodes=0
2026-08-18 08:48:38.548: [INFO] BookmarksSnapshot Startup total=0 bar=0 other=0 mobile=0 showBar=0 showBarNTP=1
2026-08-18 08:48:44.336: [INFO] BookmarksSnapshot Shutdown total=0 bar=0 other=0 mobile=0 showBar=0 showBarNTP=1
2026-08-18 08:48:48.148: [INFO] CurrentProfilePath: D:\WD\Workspaces\Kapture_Apps\.metadata\.plugins\org.eclipse.swt\EBWebView\Default
2026-08-18 08:48:48.148: [INFO] Profiles total count: 1
2026-08-18 08:48:48.148: [INFO] Profile: name=Profile 1 path=D:\WD\Workspaces\Kapture_Apps\.metadata\.plugins\org.eclipse.swt\EBWebView\Default lastActive=2026-08-18T08:48:39.504Z
2026-08-18 08:48:48.148: [INFO] LastUsedProfileDir: D:\WD\Workspaces\Kapture_Apps\.metadata\.plugins\org.eclipse.swt\EBWebView\Default
2026-08-18 08:48:48.148: [INFO] MostRecentlyActiveProfile: name=Profile 1 path=D:\WD\Workspaces\Kapture_Apps\.metadata\.plugins\org.eclipse.swt\EBWebView\Default lastActive=2026-08-18T08:48:39.504Z
2026-08-18 08:48:48.148: [INFO] OnDoneLoading sync enabled: 0
2026-08-18 08:48:48.148: [INFO] BookmarkModelLoaded, ids_reassigned: 0
2026-08-18 08:48:48.148: [INFO] BookmarksLoadDropped droppedNodes=0
2026-08-18 08:48:48.148: [INFO] BookmarksSnapshot Startup total=0 bar=0 other=0 mobile=0 showBar=0 showBarNTP=1
2026-08-19 15:01:13.419: [INFO] BookmarksSnapshot Shutdown total=0 bar=0 other=0 mobile=0 showBar=0 showBarNTP=1
2026-08-22 02:42:23.858: [INFO] CurrentProfilePath: D:\WD\Workspaces\Kapture_Apps\.metadata\.plugins\org.eclipse.swt\EBWebView\Default
2026-08-22 02:42:23.858: [INFO] Profiles total count: 1
2026-08-22 02:42:23.858: [INFO] Profile: name=Profile 1 path=D:\WD\Workspaces\Kapture_Apps\.metadata\.plugins\org.eclipse.swt\EBWebView\Default lastActive=2026-08-18T08:49:12.752Z
2026-08-22 02:42:23.859: [INFO] LastUsedProfileDir: D:\WD\Workspaces\Kapture_Apps\.metadata\.plugins\org.eclipse.swt\EBWebView\Default
2026-08-22 02:42:23.859: [INFO] MostRecentlyActiveProfile: name=Profile 1 path=D:\WD\Workspaces\Kapture_Apps\.metadata\.plugins\org.eclipse.swt\EBWebView\Default lastActive=2026-08-18T08:49:12.752Z
2026-08-22 02:42:23.859: [INFO] OnDoneLoading sync enabled: 0
2026-08-22 02:42:23.859: [INFO] BookmarkModelLoaded, ids_reassigned: 0
2026-08-22 02:42:23.859: [INFO] BookmarksLoadDropped droppedNodes=0
2026-08-22 02:42:23.859: [INFO] BookmarksSnapshot Startup total=0 bar=0 other=0 mobile=0 showBar=0 showBarNTP=1
2026-08-26 04:18:10.531: [INFO] BookmarksSnapshot Shutdown total=0 bar=0 other=0 mobile=0 showBar=0 showBarNTP=1
2026-08-29 03:19:54.455: [INFO] CurrentProfilePath: D:\WD\Workspaces\Kapture_Apps\.metadata\.plugins\org.eclipse.swt\EBWebView\Default
2026-08-29 03:19:54.455: [INFO] Profiles total count: 1
2026-08-29 03:19:54.457: [INFO] Profile: name=Profile 1 path=D:\WD\Workspaces\Kapture_Apps\.metadata\.plugins\org.eclipse.swt\EBWebView\Default lastActive=2026-08-18T08:49:12.752Z
2026-08-29 03:19:54.457: [INFO] LastUsedProfileDir: D:\WD\Workspaces\Kapture_Apps\.metadata\.plugins\org.eclipse.swt\EBWebView\Default
2026-08-29 03:19:54.457: [INFO] MostRecentlyActiveProfile: name=Profile 1 path=D:\WD\Workspaces\Kapture_Apps\.metadata\.plugins\org.eclipse.swt\EBWebView\Default lastActive=2026-08-18T08:49:12.752Z
2026-08-29 03:19:54.457: [INFO] OnDoneLoading sync enabled: 0
2026-08-29 03:19:54.457: [INFO] BookmarkModelLoaded, ids_reassigned: 0
2026-08-29 03:19:54.457: [INFO] BookmarksLoadDropped droppedNodes=0
2026-08-29 03:19:54.457: [INFO] BookmarksSnapshot Startup total=0 bar=0 other=0 mobile=0 showBar=0 showBarNTP=1
2026-08-29 04:42:39.030: [INFO] BookmarksSnapshot Shutdown total=0 bar=0 other=0 mobile=0 showBar=0 showBarNTP=1
